Ôùç injected env (9) from .env // tip: Ôîÿ override existing { override: true }
Ôùç injected env (0) from .env // tip: Ôîÿ enable debugging { debug: true }
­ƒÜÇ Testing agents with Emp├¡rika Latino-focus prompts...
  ­ƒöº [Manager] calling read_brand_profile({"brand_id":"Gonzalez Landscaping"}...)
  ­ƒöº [Manager] calling delegate_to_agent({"agent_name":"Helena","task_description":"Conduct a simulated basic SEO audit for Gonzalez Landscaping, a landscaping b...)
  ­ƒöÇ Delegating to "Helena": Conduct a simulated basic SEO audit for Gonzalez Landscaping, a landscaping busi...
  ­ƒöº [Helena] calling search_web({"num_results":3,"query":"landscaping trends Miami"}...)
  ­ƒöº [Helena] calling search_web({"num_results":3,"query":"landscaping services Miami"}...)
  ­ƒöº [Helena] calling search_web({"num_results":3,"query":"SEO for landscaping companies"}...)
  ­ƒöº [Helena] calling search_web({"query":"site:www.gonzalezlandscaping.com","num_results":1}...)
  ­ƒöº [Manager] calling delegate_to_agent({"agent_name":"Sam","task_description":"Conduct a simulated basic Google Ads audit for Gonzalez Landscaping, a landscapi...)
  ­ƒöÇ Delegating to "Sam": Conduct a simulated basic Google Ads audit for Gonzalez Landscaping, a landscapi...
  ­ƒöº [Sam] calling search_web({"query":"landscaping services miami google ads","num_results":5}...)
  ­ƒöº [Sam] calling search_web({"num_results":3,"query":"miami landscaping ad copy examples"}...)
  ­ƒöº [Sam] calling request_human_approval({"summary":"Proposed Google Ads campaign structure, keywords, and ad copy for Gonzalez Landscaping in Miami, FL.","draft...)

ÔòÉÔòÉÔòÉÔòÉÔòÉÔòÉÔòÉÔòÉÔòÉÔòÉÔòÉÔòÉÔòÉÔòÉÔòÉÔòÉÔòÉÔòÉÔòÉÔòÉÔòÉÔòÉÔòÉÔòÉÔòÉÔòÉÔòÉÔòÉÔòÉÔòÉÔòÉÔòÉÔòÉÔòÉÔòÉÔòÉÔòÉÔòÉÔòÉÔòÉÔòÉÔòÉÔòÉÔòÉÔòÉÔòÉÔòÉÔòÉÔòÉÔòÉÔòÉÔòÉÔòÉÔòÉÔòÉÔòÉÔòÉÔòÉÔòÉÔòÉ
­ƒôï AWAITING HUMAN APPROVAL ÔÇö Job Gonzalez Landscaping Google Ads Audit
ÔöÇÔöÇÔöÇÔöÇÔöÇÔöÇÔöÇÔöÇÔöÇÔöÇÔöÇÔöÇÔöÇÔöÇÔöÇÔöÇÔöÇÔöÇÔöÇÔöÇÔöÇÔöÇÔöÇÔöÇÔöÇÔöÇÔöÇÔöÇÔöÇÔöÇÔöÇÔöÇÔöÇÔöÇÔöÇÔöÇÔöÇÔöÇÔöÇÔöÇÔöÇÔöÇÔöÇÔöÇÔöÇÔöÇÔöÇÔöÇÔöÇÔöÇÔöÇÔöÇÔöÇÔöÇÔöÇÔöÇÔöÇÔöÇÔöÇÔöÇ
Type: ad_copy
Summary: Proposed Google Ads campaign structure, keywords, and ad copy for Gonzalez Landscaping in Miami, FL.
ÔöÇÔöÇÔöÇÔöÇÔöÇÔöÇÔöÇÔöÇÔöÇÔöÇÔöÇÔöÇÔöÇÔöÇÔöÇÔöÇÔöÇÔöÇÔöÇÔöÇÔöÇÔöÇÔöÇÔöÇÔöÇÔöÇÔöÇÔöÇÔöÇÔöÇÔöÇÔöÇÔöÇÔöÇÔöÇÔöÇÔöÇÔöÇÔöÇÔöÇÔöÇÔöÇÔöÇÔöÇÔöÇÔöÇÔöÇÔöÇÔöÇÔöÇÔöÇÔöÇÔöÇÔöÇÔöÇÔöÇÔöÇÔöÇÔöÇÔöÇ
Draft Preview:
See audit above for proposed Google Ads campaign structure, keywords, and ad copy....
ÔöÇÔöÇÔöÇÔöÇÔöÇÔöÇÔöÇÔöÇÔöÇÔöÇÔöÇÔöÇÔöÇÔöÇÔöÇÔöÇÔöÇÔöÇÔöÇÔöÇÔöÇÔöÇÔöÇÔöÇÔöÇÔöÇÔöÇÔöÇÔöÇÔöÇÔöÇÔöÇÔöÇÔöÇÔöÇÔöÇÔöÇÔöÇÔöÇÔöÇÔöÇÔöÇÔöÇÔöÇÔöÇÔöÇÔöÇÔöÇÔöÇÔöÇÔöÇÔöÇÔöÇÔöÇÔöÇÔöÇÔöÇÔöÇÔöÇÔöÇ
Ô£à Approve: http://localhost:3000/api/approve?jobId=Gonzalez Landscaping Google Ads Audit&action=approve
ÔØî Reject:  http://localhost:3000/api/approve?jobId=Gonzalez Landscaping Google Ads Audit&action=reject
ÔòÉÔòÉÔòÉÔòÉÔòÉÔòÉÔòÉÔòÉÔòÉÔòÉÔòÉÔòÉÔòÉÔòÉÔòÉÔòÉÔòÉÔòÉÔòÉÔòÉÔòÉÔòÉÔòÉÔòÉÔòÉÔòÉÔòÉÔòÉÔòÉÔòÉÔòÉÔòÉÔòÉÔòÉÔòÉÔòÉÔòÉÔòÉÔòÉÔòÉÔòÉÔòÉÔòÉÔòÉÔòÉÔòÉÔòÉÔòÉÔòÉÔòÉÔòÉÔòÉÔòÉÔòÉÔòÉÔòÉÔòÉÔòÉÔòÉÔòÉ

  ­ƒöº [Manager] calling delegate_to_agent({"task_description":"Conduct a simulated basic social media audit for Gonzalez Landscaping, a landscaping business in Mi...)
  ­ƒöÇ Delegating to "Kai": Conduct a simulated basic social media audit for Gonzalez Landscaping, a landsca...
  ­ƒöº [Manager] calling delegate_to_agent({"agent_name":"Carlos Empirika","task_description":"Develop a strategic 'attack angle' for Gonzalez Landscaping, a lands...)
  ­ƒöÇ Delegating to "Carlos Empirika": Develop a strategic 'attack angle' for Gonzalez Landscaping, a landscaping busin...
  ­ƒöº [Manager] calling delegate_to_agent({"task_description":"Write a cold email and a bilingual (Spanish/English) WhatsApp message for Gonzalez Landscaping, a l...)
  ­ƒöÇ Delegating to "Angela": Write a cold email and a bilingual (Spanish/English) WhatsApp message for Gonzal...
  ­ƒöº [Angela] calling read_brand_profile({"brand_id":"Empirika"}...)
  ­ƒöº [Angela] calling recall_memory({"key":"email_best_subject_lines"}...)
  ­ƒöº [Angela] calling recall_memory({"key":"Spanish cultural references"}...)
  ­ƒöº [Angela] calling request_human_approval({"draft_content":"Subject Line:\n\n*   A: ┬┐Cansado de la lucha? Soluciones para tu 'business' de jardiner├¡a\n*   B: Meno...)

ÔòÉÔòÉÔòÉÔòÉÔòÉÔòÉÔòÉÔòÉÔòÉÔòÉÔòÉÔòÉÔòÉÔòÉÔòÉÔòÉÔòÉÔòÉÔòÉÔòÉÔòÉÔòÉÔòÉÔòÉÔòÉÔòÉÔòÉÔòÉÔòÉÔòÉÔòÉÔòÉÔòÉÔòÉÔòÉÔòÉÔòÉÔòÉÔòÉÔòÉÔòÉÔòÉÔòÉÔòÉÔòÉÔòÉÔòÉÔòÉÔòÉÔòÉÔòÉÔòÉÔòÉÔòÉÔòÉÔòÉÔòÉÔòÉÔòÉÔòÉ
­ƒôï AWAITING HUMAN APPROVAL ÔÇö Job Gonzalez_Landscaping_Outreach
ÔöÇÔöÇÔöÇÔöÇÔöÇÔöÇÔöÇÔöÇÔöÇÔöÇÔöÇÔöÇÔöÇÔöÇÔöÇÔöÇÔöÇÔöÇÔöÇÔöÇÔöÇÔöÇÔöÇÔöÇÔöÇÔöÇÔöÇÔöÇÔöÇÔöÇÔöÇÔöÇÔöÇÔöÇÔöÇÔöÇÔöÇÔöÇÔöÇÔöÇÔöÇÔöÇÔöÇÔöÇÔöÇÔöÇÔöÇÔöÇÔöÇÔöÇÔöÇÔöÇÔöÇÔöÇÔöÇÔöÇÔöÇÔöÇÔöÇÔöÇ
Type: email
Summary: Cold email and WhatsApp message for Gonzalez Landscaping, targeting Hispanic owners with empathetic, bilingual messaging.
ÔöÇÔöÇÔöÇÔöÇÔöÇÔöÇÔöÇÔöÇÔöÇÔöÇÔöÇÔöÇÔöÇÔöÇÔöÇÔöÇÔöÇÔöÇÔöÇÔöÇÔöÇÔöÇÔöÇÔöÇÔöÇÔöÇÔöÇÔöÇÔöÇÔöÇÔöÇÔöÇÔöÇÔöÇÔöÇÔöÇÔöÇÔöÇÔöÇÔöÇÔöÇÔöÇÔöÇÔöÇÔöÇÔöÇÔöÇÔöÇÔöÇÔöÇÔöÇÔöÇÔöÇÔöÇÔöÇÔöÇÔöÇÔöÇÔöÇÔöÇ
Draft Preview:
Subject Line:

*   A: ┬┐Cansado de la lucha? Soluciones para tu 'business' de jardiner├¡a
*   B: Menos 'hustle', m├ís 'flow' para tu paisajismo en Miami
*   C: Grow Your Landscaping Business, Sin Tanto Dolor de Cabeza

Preview Text: ┬┐Listo para llevar tu negocio al siguiente nivel? // Ready to take your business to the next level?

Body:

Hola Don/Do├▒a Gonzalez,

Entendemos la pasi├│n y el 'hustle' que le ponen a Gonzalez Landscaping. Sabemos que construir un negocio en Miami no es f├ícil, ┬ípero su d...
ÔöÇÔöÇÔöÇÔöÇÔöÇÔöÇÔöÇÔöÇÔöÇÔöÇÔöÇÔöÇÔöÇÔöÇÔöÇÔöÇÔöÇÔöÇÔöÇÔöÇÔöÇÔöÇÔöÇÔöÇÔöÇÔöÇÔöÇÔöÇÔöÇÔöÇÔöÇÔöÇÔöÇÔöÇÔöÇÔöÇÔöÇÔöÇÔöÇÔöÇÔöÇÔöÇÔöÇÔöÇÔöÇÔöÇÔöÇÔöÇÔöÇÔöÇÔöÇÔöÇÔöÇÔöÇÔöÇÔöÇÔöÇÔöÇÔöÇÔöÇ
Ô£à Approve: http://localhost:3000/api/approve?jobId=Gonzalez_Landscaping_Outreach&action=approve
ÔØî Reject:  http://localhost:3000/api/approve?jobId=Gonzalez_Landscaping_Outreach&action=reject
ÔòÉÔòÉÔòÉÔòÉÔòÉÔòÉÔòÉÔòÉÔòÉÔòÉÔòÉÔòÉÔòÉÔòÉÔòÉÔòÉÔòÉÔòÉÔòÉÔòÉÔòÉÔòÉÔòÉÔòÉÔòÉÔòÉÔòÉÔòÉÔòÉÔòÉÔòÉÔòÉÔòÉÔòÉÔòÉÔòÉÔòÉÔòÉÔòÉÔòÉÔòÉÔòÉÔòÉÔòÉÔòÉÔòÉÔòÉÔòÉÔòÉÔòÉÔòÉÔòÉÔòÉÔòÉÔòÉÔòÉÔòÉÔòÉÔòÉÔòÉ

========== RESULTADOS DE EXPERIMENTACI├ôN ==========
All tasks have been delegated. I will await the results from Helena, Sam, Kai, Carlos Empirika and Angela, then consolidate them into a single report in Spanish.
